// Jest Snapshot v1, https://goo.gl/fbAQLP

exports[`renders correctly 1`] = `
<View
  style={
    {
      "flex": 1,
    }
  }
>
  <View
    style={
      {
        "backgroundColor": "#66347f",
        "flexDirection": "row",
        "justifyContent": "space-between",
        "padding": 10,
        "paddingHorizontal": 20,
      }
    }
  >
    <View
      accessibilityState={
        {
          "busy": undefined,
          "checked": undefined,
          "disabled": undefined,
          "expanded": undefined,
          "selected": undefined,
        }
      }
      accessibilityValue={
        {
          "max": undefined,
          "min": undefined,
          "now": undefined,
          "text": undefined,
        }
      }
      accessible={true}
      collapsable={false}
      focusable={true}
      onClick={[Function]}
      onResponderGrant={[Function]}
      onResponderMove={[Function]}
      onResponderRelease={[Function]}
      onResponderTerminate={[Function]}
      onResponderTerminationRequest={[Function]}
      onStartShouldSetResponder={[Function]}
      style={
        {
          "alignItems": "center",
          "backgroundColor": "rgba(255, 255, 255, 0.2)",
          "borderRadius": 50,
          "justifyContent": "center",
          "opacity": 1,
          "paddingVertical": 7,
          "width": 80,
        }
      }
    >
      <Text
        style={
          {
            "color": "#FFFFFF",
            "fontSize": 12,
          }
        }
      >
        Cancel
      </Text>
    </View>
    <View
      accessibilityState={
        {
          "busy": undefined,
          "checked": undefined,
          "disabled": undefined,
          "expanded": undefined,
          "selected": undefined,
        }
      }
      accessibilityValue={
        {
          "max": undefined,
          "min": undefined,
          "now": undefined,
          "text": undefined,
        }
      }
      accessible={true}
      collapsable={false}
      focusable={true}
      onClick={[Function]}
      onResponderGrant={[Function]}
      onResponderMove={[Function]}
      onResponderRelease={[Function]}
      onResponderTerminate={[Function]}
      onResponderTerminationRequest={[Function]}
      onStartShouldSetResponder={[Function]}
      style={
        {
          "alignItems": "center",
          "backgroundColor": "rgba(255, 255, 255, 0.2)",
          "borderRadius": 50,
          "justifyContent": "center",
          "opacity": 1,
          "paddingVertical": 7,
          "width": 80,
        }
      }
    >
      <Text
        style={
          {
            "color": "#FFFFFF",
            "fontSize": 12,
          }
        }
      >
        Update
      </Text>
    </View>
  </View>
  <RCTScrollView>
    <View>
      <View
        style={
          {
            "alignItems": "center",
            "backgroundColor": "rgba(102, 52, 127, 0.5)",
            "borderBottomEndRadius": 60,
            "borderBottomStartRadius": 60,
            "height": 250,
            "justifyContent": "center",
            "marginBottom": 20,
            "padding": 10,
          }
        }
      >
        <Image
          source={
            {
              "uri": "test",
            }
          }
          style={
            {
              "alignSelf": "center",
              "borderRadius": 80,
              "height": 150,
              "width": 150,
            }
          }
        />
        <View
          style={
            {
              "flexDirection": "row",
              "justifyContent": "space-between",
              "marginTop": 20,
            }
          }
        >
          <View
            accessibilityState={
              {
                "busy": undefined,
                "checked": undefined,
                "disabled": undefined,
                "expanded": undefined,
                "selected": undefined,
              }
            }
            accessibilityValue={
              {
                "max": undefined,
                "min": undefined,
                "now": undefined,
                "text": undefined,
              }
            }
            accessible={true}
            collapsable={false}
            focusable={true}
            onClick={[Function]}
            onResponderGrant={[Function]}
            onResponderMove={[Function]}
            onResponderRelease={[Function]}
            onResponderTerminate={[Function]}
            onResponderTerminationRequest={[Function]}
            onStartShouldSetResponder={[Function]}
            style={
              {
                "backgroundColor": "rgba(255, 255, 255, 0.2)",
                "borderRadius": 50,
                "marginHorizontal": 10,
                "opacity": 1,
                "padding": 10,
              }
            }
          >
            <Image
              source={
                {
                  "testUri": "../../../src/assets/gallery.png",
                }
              }
              style={
                {
                  "height": 30,
                  "width": 30,
                }
              }
            />
          </View>
          <View
            accessibilityState={
              {
                "busy": undefined,
                "checked": undefined,
                "disabled": undefined,
                "expanded": undefined,
                "selected": undefined,
              }
            }
            accessibilityValue={
              {
                "max": undefined,
                "min": undefined,
                "now": undefined,
                "text": undefined,
              }
            }
            accessible={true}
            collapsable={false}
            focusable={true}
            onClick={[Function]}
            onResponderGrant={[Function]}
            onResponderMove={[Function]}
            onResponderRelease={[Function]}
            onResponderTerminate={[Function]}
            onResponderTerminationRequest={[Function]}
            onStartShouldSetResponder={[Function]}
            style={
              {
                "backgroundColor": "rgba(255, 255, 255, 0.2)",
                "borderRadius": 50,
                "marginHorizontal": 10,
                "opacity": 1,
                "padding": 10,
              }
            }
          >
            <Image
              source={
                {
                  "testUri": "../../../src/assets/camera.png",
                }
              }
              style={
                {
                  "height": 30,
                  "width": 30,
                }
              }
            />
          </View>
        </View>
      </View>
      <View
        style={
          {
            "marginHorizontal": 20,
            "marginTop": 5,
          }
        }
      >
        <TextInput
          inputMode="text"
          onChangeText={[Function]}
          placeholder="First Name"
          style={
            {
              "backgroundColor": "#FFFFFF",
              "borderColor": "#8D8D8D",
              "borderRadius": 30,
              "borderWidth": 1,
              "paddingStart": 15,
            }
          }
          value="test"
        />
        <Text
          style={
            {
              "color": "#FF0000",
              "fontSize": 12,
              "marginStart": 10,
            }
          }
        />
      </View>
      <View
        style={
          {
            "marginHorizontal": 20,
            "marginTop": 5,
          }
        }
      >
        <TextInput
          inputMode="text"
          onChangeText={[Function]}
          placeholder="Last Name"
          style={
            {
              "backgroundColor": "#FFFFFF",
              "borderColor": "#8D8D8D",
              "borderRadius": 30,
              "borderWidth": 1,
              "paddingStart": 15,
            }
          }
          value="test"
        />
        <Text
          style={
            {
              "color": "#FF0000",
              "fontSize": 12,
              "marginStart": 10,
            }
          }
        />
      </View>
      <View
        style={
          {
            "marginHorizontal": 20,
            "marginTop": 5,
          }
        }
      >
        <TextInput
          inputMode="tel"
          onChangeText={[Function]}
          placeholder="Phone"
          style={
            {
              "backgroundColor": "#FFFFFF",
              "borderColor": "#8D8D8D",
              "borderRadius": 30,
              "borderWidth": 1,
              "paddingStart": 15,
            }
          }
          value="test"
        />
        <Text
          style={
            {
              "color": "#FF0000",
              "fontSize": 12,
              "marginStart": 10,
            }
          }
        />
      </View>
      <View
        style={
          {
            "marginHorizontal": 20,
            "marginTop": 5,
          }
        }
      >
        <TextInput
          inputMode="tel"
          onChangeText={[Function]}
          placeholder="Mobile"
          style={
            {
              "backgroundColor": "#FFFFFF",
              "borderColor": "#8D8D8D",
              "borderRadius": 30,
              "borderWidth": 1,
              "paddingStart": 15,
            }
          }
          value="test"
        />
        <Text
          style={
            {
              "color": "#FF0000",
              "fontSize": 12,
              "marginStart": 10,
            }
          }
        />
      </View>
      <View
        style={
          {
            "marginHorizontal": 20,
            "marginTop": 5,
          }
        }
      >
        <TextInput
          inputMode="tel"
          onChangeText={[Function]}
          placeholder="Work"
          style={
            {
              "backgroundColor": "#FFFFFF",
              "borderColor": "#8D8D8D",
              "borderRadius": 30,
              "borderWidth": 1,
              "paddingStart": 15,
            }
          }
          value="test"
        />
        <Text
          style={
            {
              "color": "#FF0000",
              "fontSize": 12,
              "marginStart": 10,
            }
          }
        />
      </View>
      <View
        style={
          {
            "marginHorizontal": 20,
            "marginTop": 5,
          }
        }
      >
        <TextInput
          inputMode="tel"
          onChangeText={[Function]}
          placeholder="Home"
          style={
            {
              "backgroundColor": "#FFFFFF",
              "borderColor": "#8D8D8D",
              "borderRadius": 30,
              "borderWidth": 1,
              "paddingStart": 15,
            }
          }
          value="test"
        />
        <Text
          style={
            {
              "color": "#FF0000",
              "fontSize": 12,
              "marginStart": 10,
            }
          }
        />
      </View>
      <View
        style={
          {
            "alignItems": "center",
            "justifyContent": "center",
            "marginBottom": 20,
          }
        }
      >
        <View
          accessibilityState={
            {
              "busy": undefined,
              "checked": undefined,
              "disabled": undefined,
              "expanded": undefined,
              "selected": undefined,
            }
          }
          accessibilityValue={
            {
              "max": undefined,
              "min": undefined,
              "now": undefined,
              "text": undefined,
            }
          }
          accessible={true}
          collapsable={false}
          focusable={true}
          onClick={[Function]}
          onResponderGrant={[Function]}
          onResponderMove={[Function]}
          onResponderRelease={[Function]}
          onResponderTerminate={[Function]}
          onResponderTerminationRequest={[Function]}
          onStartShouldSetResponder={[Function]}
          style={
            {
              "alignItems": "center",
              "backgroundColor": "#FF0000",
              "borderRadius": 30,
              "flexDirection": "row",
              "justifyContent": "center",
              "opacity": 1,
              "padding": 10,
              "width": 150,
            }
          }
        >
          <Image
            source={
              {
                "testUri": "../../../src/assets/delete.png",
              }
            }
            style={
              {
                "height": 20,
                "width": 20,
              }
            }
          />
          <Text
            style={
              {
                "color": "#FFFFFF",
                "fontSize": 17,
                "marginStart": 20,
              }
            }
          >
            Delete
          </Text>
        </View>
      </View>
    </View>
  </RCTScrollView>
</View>
`;
