// Jest Snapshot v1, https://goo.gl/fbAQLP

exports[`renders correctly 1`] = `
<RCTScrollView
  accessibilityState={
    {
      "busy": undefined,
      "checked": undefined,
      "disabled": undefined,
      "expanded": undefined,
      "selected": undefined,
    }
  }
  accessible={true}
  focusable={true}
  onClick={[Function]}
  onResponderGrant={[Function]}
  onResponderMove={[Function]}
  onResponderRelease={[Function]}
  onResponderTerminate={[Function]}
  onResponderTerminationRequest={[Function]}
  onStartShouldSetResponder={[Function]}
  style={
    {
      "backgroundColor": "#FFFFFF",
      "flex": 1,
      "padding": 25,
    }
  }
>
  <View>
    <View
      style={
        {
          "alignItems": "center",
        }
      }
    >
      <Image
        source={
          {
            "testUri": "../../../src/assets/forget.jpg",
          }
        }
        style={
          {
            "height": 350,
            "width": 350,
          }
        }
      />
    </View>
    <Text
      style={
        {
          "color": "#000000",
          "fontSize": 30,
          "fontWeight": "bold",
          "textAlign": "center",
        }
      }
    >
      Forgot Password
    </Text>
    <View
      style={
        {
          "marginVertical": 50,
        }
      }
    >
      <TextInput
        defaultValue=""
        inputMode="email"
        onChangeText={[Function]}
        placeholder="Email"
        style={
          {
            "borderColor": "#8D8D8D",
            "borderRadius": 8,
            "borderWidth": 1,
            "height": 50,
            "marginVertical": 5,
            "paddingStart": 10,
          }
        }
      />
      <Text
        style={
          {
            "color": "#FF0000",
          }
        }
      />
    </View>
    <View
      accessibilityState={
        {
          "busy": undefined,
          "checked": undefined,
          "disabled": undefined,
          "expanded": undefined,
          "selected": undefined,
        }
      }
      accessibilityValue={
        {
          "max": undefined,
          "min": undefined,
          "now": undefined,
          "text": undefined,
        }
      }
      accessible={true}
      collapsable={false}
      focusable={true}
      onClick={[Function]}
      onResponderGrant={[Function]}
      onResponderMove={[Function]}
      onResponderRelease={[Function]}
      onResponderTerminate={[Function]}
      onResponderTerminationRequest={[Function]}
      onStartShouldSetResponder={[Function]}
      style={
        {
          "backgroundColor": "#66347f",
          "borderRadius": 8,
          "opacity": 1,
          "padding": 10,
        }
      }
    >
      <Text
        style={
          {
            "color": "#FFFFFF",
            "fontWeight": "bold",
            "textAlign": "center",
          }
        }
      >
        Password Reset
      </Text>
    </View>
  </View>
</RCTScrollView>
`;
