// Jest Snapshot v1, https://goo.gl/fbAQLP

exports[`renders correctly 1`] = `
<RNCSafeAreaProvider
  onInsetsChange={[Function]}
  style={
    [
      {
        "flex": 1,
      },
      undefined,
    ]
  }
>
  <RNSScreenStack
    style={
      {
        "flex": 1,
      }
    }
  >
    <RNSScreen
      collapsable={false}
      gestureResponseDistance={
        {
          "bottom": -1,
          "end": -1,
          "start": -1,
          "top": -1,
        }
      }
      nativeBackButtonDismissalEnabled={false}
      onAppear={[Function]}
      onDisappear={[Function]}
      onDismissed={[Function]}
      onGestureCancel={[Function]}
      onHeaderBackButtonClicked={[Function]}
      onNativeDismissCancelled={[Function]}
      onTransitionProgress={[Function]}
      onWillDisappear={[Function]}
      replaceAnimation="push"
      sheetAllowedDetents="large"
      sheetCornerRadius={-1}
      sheetExpandsWhenScrolledToEdge={true}
      sheetGrabberVisible={false}
      sheetLargestUndimmedDetent="all"
      stackPresentation="push"
      style={
        {
          "bottom": 0,
          "left": 0,
          "position": "absolute",
          "right": 0,
          "top": 0,
        }
      }
      swipeDirection="horizontal"
    >
      <View
        accessibilityElementsHidden={false}
        importantForAccessibility="auto"
        style={
          {
            "flex": 1,
            "flexDirection": "column-reverse",
          }
        }
      >
        <View
          collapsable={false}
          style={
            [
              {
                "flex": 1,
              },
              {
                "backgroundColor": "rgb(242, 242, 242)",
              },
              undefined,
            ]
          }
        >
          <View
            style={
              {
                "alignItems": "center",
                "flex": 1,
                "justifyContent": "center",
              }
            }
          >
            <Image
              source={
                {
                  "testUri": "../../../src/assets/logo.png",
                }
              }
              style={
                {
                  "height": 100,
                  "width": 100,
                }
              }
            />
            <Text
              style={
                {
                  "color": "#66347f",
                  "fontSize": 50,
                  "fontWeight": "800",
                }
              }
            >
              Phone
            </Text>
          </View>
        </View>
      </View>
      <RNSScreenStackHeaderConfig
        backButtonInCustomView={false}
        backTitleVisible={true}
        backgroundColor="rgb(255, 255, 255)"
        color="rgb(0, 122, 255)"
        direction="ltr"
        disableBackButtonMenu={false}
        hidden={true}
        hideBackButton={false}
        largeTitleHideShadow={false}
        title="SplashScreen"
        titleColor="rgb(28, 28, 30)"
        topInsetEnabled={false}
        translucent={false}
      />
    </RNSScreen>
  </RNSScreenStack>
</RNCSafeAreaProvider>
`;
