// Jest Snapshot v1, https://goo.gl/fbAQLP

exports[`renders correctly 1`] = `
<View
  style={
    {
      "backgroundColor": "#FFFFFF",
      "flex": 1,
      "justifyContent": "center",
      "padding": 25,
    }
  }
>
  <View>
    <Text
      style={
        {
          "color": "#000000",
          "fontSize": 30,
          "fontWeight": "bold",
        }
      }
    >
      Create an account
    </Text>
    <Text>
      Signup to get started.
    </Text>
  </View>
  <View
    style={
      {
        "marginVertical": 40,
      }
    }
  >
    <View
      style={
        {
          "marginVertical": 10,
        }
      }
    >
      <View
        style={
          {
            "backgroundColor": "#FFFFFF",
            "borderColor": "#8D8D8D",
            "borderRadius": 8,
            "borderWidth": 1,
            "flexDirection": "row",
            "paddingStart": 10,
          }
        }
      >
        <TextInput
          inputMode="text"
          onChangeText={[Function]}
          placeholder="Full Name"
          secureTextEntry={false}
          style={
            {
              "flex": 1,
            }
          }
          value=""
        />
      </View>
    </View>
    <View
      style={
        {
          "marginVertical": 10,
        }
      }
    >
      <View
        style={
          {
            "backgroundColor": "#FFFFFF",
            "borderColor": "#8D8D8D",
            "borderRadius": 8,
            "borderWidth": 1,
            "flexDirection": "row",
            "paddingStart": 10,
          }
        }
      >
        <TextInput
          inputMode="tel"
          onChangeText={[Function]}
          placeholder="Mobile Number"
          secureTextEntry={false}
          style={
            {
              "flex": 1,
            }
          }
          value=""
        />
      </View>
    </View>
    <View
      style={
        {
          "marginVertical": 10,
        }
      }
    >
      <View
        style={
          {
            "backgroundColor": "#FFFFFF",
            "borderColor": "#8D8D8D",
            "borderRadius": 8,
            "borderWidth": 1,
            "flexDirection": "row",
            "paddingStart": 10,
          }
        }
      >
        <TextInput
          inputMode="email"
          onChangeText={[Function]}
          placeholder="Email"
          secureTextEntry={false}
          style={
            {
              "flex": 1,
            }
          }
          value=""
        />
      </View>
    </View>
    <View
      style={
        {
          "marginVertical": 10,
        }
      }
    >
      <View
        style={
          {
            "backgroundColor": "#FFFFFF",
            "borderColor": "#8D8D8D",
            "borderRadius": 8,
            "borderWidth": 1,
            "flexDirection": "row",
            "paddingStart": 10,
          }
        }
      >
        <TextInput
          inputMode="text"
          onChangeText={[Function]}
          placeholder="Password"
          secureTextEntry={true}
          style={
            {
              "flex": 1,
            }
          }
          value=""
        />
        <View
          accessibilityState={
            {
              "busy": undefined,
              "checked": undefined,
              "disabled": undefined,
              "expanded": undefined,
              "selected": undefined,
            }
          }
          accessibilityValue={
            {
              "max": undefined,
              "min": undefined,
              "now": undefined,
              "text": undefined,
            }
          }
          accessible={true}
          collapsable={false}
          focusable={true}
          onClick={[Function]}
          onResponderGrant={[Function]}
          onResponderMove={[Function]}
          onResponderRelease={[Function]}
          onResponderTerminate={[Function]}
          onResponderTerminationRequest={[Function]}
          onStartShouldSetResponder={[Function]}
          style={
            {
              "opacity": 1,
              "padding": 20,
            }
          }
        >
          <Image
            source={
              {
                "testUri": "../../../src/assets/show.png",
              }
            }
            style={
              {
                "height": 25,
                "position": "absolute",
                "right": 15,
                "top": 11,
                "width": 25,
              }
            }
          />
        </View>
      </View>
    </View>
    <View
      style={
        {
          "marginVertical": 10,
        }
      }
    >
      <View
        style={
          {
            "backgroundColor": "#FFFFFF",
            "borderColor": "#8D8D8D",
            "borderRadius": 8,
            "borderWidth": 1,
            "flexDirection": "row",
            "paddingStart": 10,
          }
        }
      >
        <TextInput
          inputMode="text"
          onChangeText={[Function]}
          placeholder="Confirm Password"
          secureTextEntry={true}
          style={
            {
              "flex": 1,
            }
          }
          value=""
        />
        <View
          accessibilityState={
            {
              "busy": undefined,
              "checked": undefined,
              "disabled": undefined,
              "expanded": undefined,
              "selected": undefined,
            }
          }
          accessibilityValue={
            {
              "max": undefined,
              "min": undefined,
              "now": undefined,
              "text": undefined,
            }
          }
          accessible={true}
          collapsable={false}
          focusable={true}
          onClick={[Function]}
          onResponderGrant={[Function]}
          onResponderMove={[Function]}
          onResponderRelease={[Function]}
          onResponderTerminate={[Function]}
          onResponderTerminationRequest={[Function]}
          onStartShouldSetResponder={[Function]}
          style={
            {
              "opacity": 1,
              "padding": 20,
            }
          }
        >
          <Image
            source={
              {
                "testUri": "../../../src/assets/show.png",
              }
            }
            style={
              {
                "height": 25,
                "position": "absolute",
                "right": 15,
                "top": 11,
                "width": 25,
              }
            }
          />
        </View>
      </View>
    </View>
  </View>
  <View>
    <View
      accessibilityState={
        {
          "busy": undefined,
          "checked": undefined,
          "disabled": undefined,
          "expanded": undefined,
          "selected": undefined,
        }
      }
      accessibilityValue={
        {
          "max": undefined,
          "min": undefined,
          "now": undefined,
          "text": undefined,
        }
      }
      accessible={true}
      collapsable={false}
      focusable={true}
      onClick={[Function]}
      onResponderGrant={[Function]}
      onResponderMove={[Function]}
      onResponderRelease={[Function]}
      onResponderTerminate={[Function]}
      onResponderTerminationRequest={[Function]}
      onStartShouldSetResponder={[Function]}
      style={
        {
          "backgroundColor": "#66347f",
          "borderRadius": 8,
          "opacity": 1,
          "padding": 10,
        }
      }
    >
      <Text
        style={
          {
            "color": "#FFFFFF",
            "fontWeight": "bold",
            "textAlign": "center",
          }
        }
      >
        Sign Up
      </Text>
    </View>
  </View>
  <View
    style={
      {
        "borderTopColor": "#8D8D8D",
        "borderTopWidth": 1,
        "marginTop": 50,
        "padding": 10,
      }
    }
  >
    <Text
      onPress={[Function]}
      style={
        {
          "textAlign": "center",
        }
      }
    >
      Already have an account? 
      <Text
        style={
          {
            "color": "#66347f",
          }
        }
      >
         
        Login
      </Text>
    </Text>
  </View>
</View>
`;
